// Jest Snapshot v1, https://goo.gl/fbAQLP

exports[`Test ParentalCompensationApp Component should render ParentalCompensationApp correctly 1`] = `
<styled.div>
  <GlobalStyleComponent />
  <styled.h3
    mt={30}
  >
    Vad behöver jag tänka på?
  </styled.h3>
  <Connect(Criteria) />
  <styled.h3>
    Prisbasbeloppet
  </styled.h3>
  <Connect(PriceBase) />
  <Connect(BasicSalaryComponent) />
  <Connect(CardComponent) />
</styled.div>
`;
