// Jest Snapshot v1, https://goo.gl/fbAQLP

exports[`Test ParentalCompensationApp Component should render ParentalCompensationApp correctly 1`] = `
<styled.div>
  <GlobalStyleComponent />
  <styled.h3
    mt={30}
  >
    Vad behöver jag tänka på?
  </styled.h3>
  <styled.div
    col={2}
  >
    <Connect(EmployeeStatusComponent) />
    <Connect(DatePickerComponent) />
  </styled.div>
  <styled.h3>
    Prisbasbeloppet
  </styled.h3>
  <styled.div
    col={2}
  >
    <Connect(Duration) />
    <Connect(BasicAmount) />
  </styled.div>
  <Connect(SalaryInfoComponent) />
  <Connect(CardComponent) />
</styled.div>
`;
